16:33:51 **** Incremental Build of configuration Debug for project Modbus ****
make -j16 all 
arm-none-eabi-gcc "../Core/Src/main.c" -mcpu=cortex-m3 -std=gnu11 -g3 -DDEBUG -DUSE_HAL_DRIVER -DSTM32F103xB -c -I../Core/Inc -I../Drivers/STM32F1xx_HAL_Driver/Inc/Legacy -I../Drivers/STM32F1xx_HAL_Driver/Inc -I../Drivers/CMSIS/Device/ST/STM32F1xx/Include -I../Drivers/CMSIS/Include -O0 -ffunction-sections -fdata-sections -Wall -fstack-usage -fcyclomatic-complexity -MMD -MP -MF"Core/Src/main.d" -MT"Core/Src/main.o" --specs=nano.specs -mfloat-abi=soft -mthumb -o "Core/Src/main.o"
arm-none-eabi-gcc -o "Modbus.elf" @"objects.list"   -mcpu=cortex-m3 -T"D:\IMIC\Nhung1\Code\Modbus\STM32F103C8TX_FLASH.ld" --specs=nosys.specs -Wl,-Map="Modbus.map" -Wl,--gc-sections -static --specs=nano.specs -mfloat-abi=soft -mthumb -Wl,--start-group -lc -lm -Wl,--end-group
Finished building target: Modbus.elf
 
arm-none-eabi-size  Modbus.elf 
arm-none-eabi-objdump -h -S Modbus.elf  > "Modbus.list"
   text	   data	    bss	    dec	    hex	filename
   6572	     12	   1652	   8236	   202c	Modbus.elf
Finished building: default.size.stdout
 
Finished building: Modbus.list
 

16:33:52 Build Finished. 0 errors, 0 warnings. (took 1s.141ms)

