13:52:37 **** Incremental Build of configuration Debug for project UART ****
make -j16 all 
arm-none-eabi-gcc "../Core/Src/main.c" -mcpu=cortex-m4 -std=gnu11 -g3 -DDEBUG -DUSE_HAL_DRIVER -DSTM32F411xE -c -I../Core/Inc -I../Drivers/STM32F4xx_HAL_Driver/Inc -I../Drivers/STM32F4xx_HAL_Driver/Inc/Legacy -I../Drivers/CMSIS/Device/ST/STM32F4xx/Include -I../Drivers/CMSIS/Include -O0 -ffunction-sections -fdata-sections -Wall -fstack-usage -fcyclomatic-complexity -MMD -MP -MF"Core/Src/main.d" -MT"Core/Src/main.o" --specs=nano.specs -mfpu=fpv4-sp-d16 -mfloat-abi=hard -mthumb -o "Core/Src/main.o"
../Core/Src/main.c: In function 'main':
../Core/Src/main.c:236:22: warning: unused variable 'data' [-Wunused-variable]
  236 |                 char data=UART_Receive();
      |                      ^~~~
arm-none-eabi-gcc -o "UART.elf" @"objects.list"   -mcpu=cortex-m4 -T"D:\IMIC\Nhung1\Code\UART\STM32F411VETX_FLASH.ld" --specs=nosys.specs -Wl,-Map="UART.map" -Wl,--gc-sections -static --specs=nano.specs -mfpu=fpv4-sp-d16 -mfloat-abi=hard -mthumb -Wl,--start-group -lc -lm -Wl,--end-group
Finished building target: UART.elf
 
arm-none-eabi-size  UART.elf 
arm-none-eabi-objdump -h -S UART.elf  > "UART.list"
   text	   data	    bss	    dec	    hex	filename
   2688	     32	   1672	   4392	   1128	UART.elf
Finished building: default.size.stdout
 
Finished building: UART.list
 

13:52:40 Build Finished. 0 errors, 1 warnings. (took 2s.793ms)

